---
http_interactions:
- request:
    method: post
    uri: http://SEARCHMETRICS_KEY:SEARCHMETRICS_SECRET@api.searchmetrics.com/v3/token
    body:
      encoding: UTF-8
      string: grant_type=client_credentials
    headers:
      User-Agent:
      - Faraday v0.9.2
      Content-Type:
      - application/x-www-form-urlencoded
      Accept-Encoding:
      - gzip;q=1.0,deflate;q=0.6,identity;q=0.3
      Accept:
      - "*/*"
  response:
    status:
      code: 200
      message: OK
    headers:
      Server:
      - nginx/1.3.8
      Date:
      - Thu, 04 Feb 2016 14:30:16 GMT
      Content-Type:
      - application/json
      Transfer-Encoding:
      - chunked
      X-Powered-By:
      - PHP/5.3.10-1ubuntu3.15
      Connection:
      - close
    body:
      encoding: UTF-8
      string: '{"access_token":"aaaaaaaaaaaaaaaaaaaaaaaaaaaaaaaaaaaaaaaa","expires_in":315360000,"token_type":"Bearer","scope":null}'
    http_version: 
  recorded_at: Thu, 04 Feb 2016 14:30:16 GMT
- request:
    method: get
    uri: http://api.searchmetrics.com/v3/AdminStatusGetListProjects.json
    body:
      encoding: US-ASCII
      string: ''
    headers:
      User-Agent:
      - Faraday v0.9.2
      Authorization:
      - Bearer aaaaaaaaaaaaaaaaaaaaaaaaaaaaaaaaaaaaaaaa
      Accept-Encoding:
      - gzip;q=1.0,deflate;q=0.6,identity;q=0.3
      Accept:
      - "*/*"
  response:
    status:
      code: 200
      message: OK
    headers:
      Server:
      - nginx/1.3.8
      Date:
      - Thu, 04 Feb 2016 14:30:18 GMT
      Content-Type:
      - application/json
      Transfer-Encoding:
      - chunked
      X-Powered-By:
      - PHP/5.3.10-1ubuntu3.15
      X-Request-Id:
      - 6d979b6278419776b60e5029476fea52e27b968f
      Connection:
      - close
    body:
      encoding: UTF-8
      string: '{"response":[{"project_id":535741,"project_name":"XXX","project_url":"xxx.fr","keyword_count":310,"engine_count":1}],"count":1,"balance":59985}'
    http_version: 
  recorded_at: Thu, 04 Feb 2016 14:30:18 GMT
- request:
    method: get
    uri: http://api.searchmetrics.com/v3/ResearchLinksGetListLinktext.json?url=example.url
    body:
      encoding: US-ASCII
      string: ''
    headers:
      User-Agent:
      - Faraday v0.9.2
      Authorization:
      - Bearer aaaaaaaaaaaaaaaaaaaaaaaaaaaaaaaaaaaaaaaa
      Accept-Encoding:
      - gzip;q=1.0,deflate;q=0.6,identity;q=0.3
      Accept:
      - "*/*"
  response:
    status:
      code: 200
      message: OK
    headers:
      Server:
      - nginx/1.3.8
      Date:
      - Thu, 04 Feb 2016 14:30:19 GMT
      Content-Type:
      - application/json
      Transfer-Encoding:
      - chunked
      X-Powered-By:
      - PHP/5.3.10-1ubuntu3.15
      X-Request-Id:
      - 2216421932bb42a4bffc99db8acfffcdd30a5f63
      Connection:
      - close
    body:
      encoding: UTF-8
      string: '{"balance":59981}'
    http_version: 
  recorded_at: Thu, 04 Feb 2016 14:30:19 GMT
- request:
    method: get
    uri: http://api.searchmetrics.com/v3/ResearchLinksGetListLinktext.json
    body:
      encoding: US-ASCII
      string: ''
    headers:
      User-Agent:
      - Faraday v0.9.2
      Authorization:
      - Bearer aaaaaaaaaaaaaaaaaaaaaaaaaaaaaaaaaaaaaaaa
      Accept-Encoding:
      - gzip;q=1.0,deflate;q=0.6,identity;q=0.3
      Accept:
      - "*/*"
  response:
    status:
      code: 400
      message: Bad Request
    headers:
      Server:
      - nginx/1.3.8
      Date:
      - Thu, 04 Feb 2016 14:30:19 GMT
      Content-Type:
      - application/json
      Transfer-Encoding:
      - chunked
      X-Powered-By:
      - PHP/5.3.10-1ubuntu3.15
      X-Request-Id:
      - 535738f1fd7d9ae22e30b75b4b7684efaf0f5455
      Connection:
      - close
    body:
      encoding: UTF-8
      string: '{"error":4001003,"error_message":"For service \"ResearchLinksGetListLinktext\"
        parameter \"url\" is required!"}'
    http_version: 
  recorded_at: Thu, 04 Feb 2016 14:30:19 GMT
- request:
    method: get
    uri: http://api.searchmetrics.com/v3/AdminStatusGetValueAvailableCredits.json
    body:
      encoding: US-ASCII
      string: ''
    headers:
      User-Agent:
      - Faraday v0.9.2
      Authorization:
      - Bearer aaaaaaaaaaaaaaaaaaaaaaaaaaaaaaaaaaaaaaaa
      Accept-Encoding:
      - gzip;q=1.0,deflate;q=0.6,identity;q=0.3
      Accept:
      - "*/*"
  response:
    status:
      code: 200
      message: OK
    headers:
      Server:
      - nginx/1.3.8
      Date:
      - Thu, 04 Feb 2016 14:30:20 GMT
      Content-Type:
      - application/json
      Transfer-Encoding:
      - chunked
      X-Powered-By:
      - PHP/5.3.10-1ubuntu3.15
      X-Request-Id:
      - 0f82700fd6624510d956709e24abe2da081c9ab2
      Connection:
      - close
    body:
      encoding: UTF-8
      string: '{"response":[59981],"balance":59980}'
    http_version: 
  recorded_at: Thu, 04 Feb 2016 14:30:20 GMT
- request:
    method: get
    uri: http://api.searchmetrics.com/v3/ResearchLinksGetListLinktex.json
    body:
      encoding: US-ASCII
      string: ''
    headers:
      User-Agent:
      - Faraday v0.9.2
      Authorization:
      - Bearer aaaaaaaaaaaaaaaaaaaaaaaaaaaaaaaaaaaaaaaa
      Accept-Encoding:
      - gzip;q=1.0,deflate;q=0.6,identity;q=0.3
      Accept:
      - "*/*"
  response:
    status:
      code: 404
      message: Not Found
    headers:
      Server:
      - nginx/1.3.8
      Date:
      - Thu, 04 Feb 2016 14:44:19 GMT
      Content-Type:
      - application/json
      Transfer-Encoding:
      - chunked
      X-Powered-By:
      - PHP/5.3.10-1ubuntu3.15
      X-Request-Id:
      - 0ec25fbc85d4372bd74d483a4016e16ce50fc0ae
      Connection:
      - close
    body:
      encoding: UTF-8
      string: '{"error":4001004,"error_message":"Unknown Service \"ResearchLinksGetListLinktex\""}'
    http_version: 
  recorded_at: Thu, 04 Feb 2016 14:44:19 GMT
recorded_with: VCR 3.0.0
